Command line invocation:
    /Applications/Xcode.app/Contents/Developer/usr/bin/xcodebuild -scheme ClockSpace -destination platform=macOS -configuration Debug build

--- xcodebuild: WARNING: Using the first of multiple matching destinations:
{ platform:macOS, arch:arm64, id:00008132-001838893405801C, name:My Mac }
{ platform:macOS, arch:x86_64, id:00008132-001838893405801C, name:My Mac }
ComputePackagePrebuildTargetDependencyGraph

Prepare packages

CreateBuildRequest

SendProjectDescription

CreateBuildOperation

ComputeTargetDependencyGraph
note: Building targets in dependency order
note: Target dependency graph (1 target)
    Target 'ClockSpace' in project 'ClockSpace' (no dependencies)

GatherProvisioningInputs

CreateBuildDescription

ExecuteExternalTool /Applications/Xcode.app/Contents/Developer/Toolchains/XcodeDefault.xctoolchain/usr/bin/clang -v -E -dM -isysroot /Applications/Xcode.app/Contents/Developer/Platforms/MacOSX.platform/Developer/SDKs/MacOSX26.4.sdk -x c -c /dev/null

ExecuteExternalTool /Applications/Xcode.app/Contents/Developer/Toolchains/XcodeDefault.xctoolchain/usr/bin/swiftc --version

ExecuteExternalTool /Applications/Xcode.app/Contents/Developer/Toolchains/XcodeDefault.xctoolchain/usr/bin/ld -version_details

Build description signature: 30956329f50f97370ea124fdc92fc76f
Build description path: /Users/harshrao/Library/Developer/Xcode/DerivedData/ClockSpace-ahrupoprmngjgcguuiopwiycwfpc/Build/Intermediates.noindex/XCBuildData/30956329f50f97370ea124fdc92fc76f.xcbuilddata
ClangStatCache /Applications/Xcode.app/Contents/Developer/Toolchains/XcodeDefault.xctoolchain/usr/bin/clang-stat-cache /Applications/Xcode.app/Contents/Developer/Platforms/MacOSX.platform/Developer/SDKs/MacOSX26.4.sdk /Users/harshrao/Library/Developer/Xcode/DerivedData/SDKStatCaches.noindex/macosx26.4-25E236-30f9ca8789b706f8bd3fc906a70d770f.sdkstatcache
    cd /Users/harshrao/ClockSpace/ClockSpace.xcodeproj
    /Applications/Xcode.app/Contents/Developer/Toolchains/XcodeDefault.xctoolchain/usr/bin/clang-stat-cache /Applications/Xcode.app/Contents/Developer/Platforms/MacOSX.platform/Developer/SDKs/MacOSX26.4.sdk -o /Users/harshrao/Library/Developer/Xcode/DerivedData/SDKStatCaches.noindex/macosx26.4-25E236-30f9ca8789b706f8bd3fc906a70d770f.sdkstatcache

SwiftDriver ClockSpace normal arm64 com.apple.xcode.tools.swift.compiler (in target 'ClockSpace' from project 'ClockSpace')
    cd /Users/harshrao/ClockSpace
    builtin-SwiftDriver -- /Applications/Xcode.app/Contents/Developer/Toolchains/XcodeDefault.xctoolchain/usr/bin/swiftc -module-name ClockSpace -Onone @/Users/harshrao/Library/Developer/Xcode/DerivedData/ClockSpace-ahrupoprmngjgcguuiopwiycwfpc/Build/Intermediates.noindex/ClockSpace.build/Debug/ClockSpace.build/Objects-normal/arm64/ClockSpace.SwiftFileList -DDEBUG -default-isolation\=MainActor -enable-bare-slash-regex -enable-upcoming-feature DisableOutwardActorInference -enable-upcoming-feature InferSendableFromCaptures -enable-upcoming-feature GlobalActorIsolatedTypesUsability -enable-upcoming-feature MemberImportVisibility -enable-upcoming-feature InferIsolatedConformances -enable-upcoming-feature NonisolatedNonsendingByDefault -enable-experimental-feature DebugDescriptionMacro -sdk /Applications/Xcode.app/Contents/Developer/Platforms/MacOSX.platform/Developer/SDKs/MacOSX26.4.sdk -target arm64-apple-macos26.4 -g -module-cache-path /Users/harshrao/Library/Developer/Xcode/DerivedData/ModuleCache.noindex -Xfrontend -serialize-debugging-options -enable-testing -index-store-path /Users/harshrao/Library/Developer/Xcode/DerivedData/ClockSpace-ahrupoprmngjgcguuiopwiycwfpc/Index.noindex/DataStore -Xcc -D_LIBCPP_HARDENING_MODE\=_LIBCPP_HARDENING_MODE_DEBUG -swift-version 5 -I /Users/harshrao/Library/Developer/Xcode/DerivedData/ClockSpace-ahrupoprmngjgcguuiopwiycwfpc/Build/Products/Debug -F /Users/harshrao/Library/Developer/Xcode/DerivedData/ClockSpace-ahrupoprmngjgcguuiopwiycwfpc/Build/Products/Debug -emit-localized-strings -emit-localized-strings-path /Users/harshrao/Library/Developer/Xcode/DerivedData/ClockSpace-ahrupoprmngjgcguuiopwiycwfpc/Build/Intermediates.noindex/ClockSpace.build/Debug/ClockSpace.build/Objects-normal/arm64 -c -j10 -enable-batch-mode -incremental -Xcc -ivfsstatcache -Xcc /Users/harshrao/Library/Developer/Xcode/DerivedData/SDKStatCaches.noindex/macosx26.4-25E236-30f9ca8789b706f8bd3fc906a70d770f.sdkstatcache -output-file-map /Users/harshrao/Library/Developer/Xcode/DerivedData/ClockSpace-ahrupoprmngjgcguuiopwiycwfpc/Build/Intermediates.noindex/ClockSpace.build/Debug/ClockSpace.build/Objects-normal/arm64/ClockSpace-OutputFileMap.json -use-frontend-parseable-output -save-temps -no-color-diagnostics -explicit-module-build -module-cache-path /Users/harshrao/Library/Developer/Xcode/DerivedData/ClockSpace-ahrupoprmngjgcguuiopwiycwfpc/Build/Intermediates.noindex/SwiftExplicitPrecompiledModules -clang-scanner-module-cache-path /Users/harshrao/Library/Developer/Xcode/DerivedData/ModuleCache.noindex -sdk-module-cache-path /Users/harshrao/Library/Developer/Xcode/DerivedData/ModuleCache.noindex -serialize-diagnostics -emit-dependencies -emit-module -emit-module-path /Users/harshrao/Library/Developer/Xcode/DerivedData/ClockSpace-ahrupoprmngjgcguuiopwiycwfpc/Build/Intermediates.noindex/ClockSpace.build/Debug/ClockSpace.build/Objects-normal/arm64/ClockSpace.swiftmodule -validate-clang-modules-once -clang-build-session-file /Users/harshrao/Library/Developer/Xcode/DerivedData/ModuleCache.noindex/Session.modulevalidation -Xcc -I/Users/harshrao/Library/Developer/Xcode/DerivedData/ClockSpace-ahrupoprmngjgcguuiopwiycwfpc/Build/Intermediates.noindex/ClockSpace.build/Debug/ClockSpace.build/swift-overrides.hmap -emit-const-values -Xfrontend -const-gather-protocols-file -Xfrontend /Users/harshrao/Library/Developer/Xcode/DerivedData/ClockSpace-ahrupoprmngjgcguuiopwiycwfpc/Build/Intermediates.noindex/ClockSpace.build/Debug/ClockSpace.build/Objects-normal/arm64/ClockSpace_const_extract_protocols.json -Xcc -iquote -Xcc /Users/harshrao/Library/Developer/Xcode/DerivedData/ClockSpace-ahrupoprmngjgcguuiopwiycwfpc/Build/Intermediates.noindex/ClockSpace.build/Debug/ClockSpace.build/ClockSpace-generated-files.hmap -Xcc -I/Users/harshrao/Library/Developer/Xcode/DerivedData/ClockSpace-ahrupoprmngjgcguuiopwiycwfpc/Build/Intermediates.noindex/ClockSpace.build/Debug/ClockSpace.build/ClockSpace-own-target-headers.hmap -Xcc -I/Users/harshrao/Library/Developer/Xcode/DerivedData/ClockSpace-ahrupoprmngjgcguuiopwiycwfpc/Build/Intermediates.noindex/ClockSpace.build/Debug/ClockSpace.build/ClockSpace-all-target-headers.hmap -Xcc -iquote -Xcc /Users/harshrao/Library/Developer/Xcode/DerivedData/ClockSpace-ahrupoprmngjgcguuiopwiycwfpc/Build/Intermediates.noindex/ClockSpace.build/Debug/ClockSpace.build/ClockSpace-project-headers.hmap -Xcc -I/Users/harshrao/Library/Developer/Xcode/DerivedData/ClockSpace-ahrupoprmngjgcguuiopwiycwfpc/Build/Products/Debug/include -Xcc -I/Users/harshrao/Library/Developer/Xcode/DerivedData/ClockSpace-ahrupoprmngjgcguuiopwiycwfpc/Build/Intermediates.noindex/ClockSpace.build/Debug/ClockSpace.build/DerivedSources-normal/arm64 -Xcc -I/Users/harshrao/Library/Developer/Xcode/DerivedData/ClockSpace-ahrupoprmngjgcguuiopwiycwfpc/Build/Intermediates.noindex/ClockSpace.build/Debug/ClockSpace.build/DerivedSources/arm64 -Xcc -I/Users/harshrao/Library/Developer/Xcode/DerivedData/ClockSpace-ahrupoprmngjgcguuiopwiycwfpc/Build/Intermediates.noindex/ClockSpace.build/Debug/ClockSpace.build/DerivedSources -Xcc -DDEBUG\=1 -emit-objc-header -emit-objc-header-path /Users/harshrao/Library/Developer/Xcode/DerivedData/ClockSpace-ahrupoprmngjgcguuiopwiycwfpc/Build/Intermediates.noindex/ClockSpace.build/Debug/ClockSpace.build/Objects-normal/arm64/ClockSpace-Swift.h -working-directory /Users/harshrao/ClockSpace -experimental-emit-module-separately -disable-cmo

SwiftEmitModule normal arm64 Emitting\ module\ for\ ClockSpace (in target 'ClockSpace' from project 'ClockSpace')

EmitSwiftModule normal arm64 (in target 'ClockSpace' from project 'ClockSpace')
    cd /Users/harshrao/ClockSpace
    

SwiftCompile normal arm64 Compiling\ DashboardView.swift /Users/harshrao/ClockSpace/ClockSpaceApp/Views/Dashboard/DashboardView.swift (in target 'ClockSpace' from project 'ClockSpace')
Failed frontend command:
/Applications/Xcode.app/Contents/Developer/Toolchains/XcodeDefault.xctoolchain/usr/bin/swift-frontend -frontend -c /Users/harshrao/ClockSpace/ClockSpaceApp/DesignSystem/GlassModifier.swift /Users/harshrao/ClockSpace/ClockSpaceApp/DesignSystem/ShimmerModifier.swift /Users/harshrao/ClockSpace/ClockSpaceApp/DesignSystem/Theme.swift /Users/harshrao/ClockSpace/ClockSpaceApp/Models/Category.swift /Users/harshrao/ClockSpace/ClockSpaceApp/Models/CSConstants.swift /Users/harshrao/ClockSpace/ClockSpaceApp/Models/Screensaver.swift /Users/harshrao/ClockSpace/ClockSpaceApp/Resources/Template/ClockSpaceSaverContent.swift /Users/harshrao/ClockSpace/ClockSpaceApp/Resources/Template/ClockSpaceSaverView.swift /Users/harshrao/ClockSpace/ClockSpaceApp/Services/APIManager.swift /Users/harshrao/ClockSpace/ClockSpaceApp/Services/LicenseManager.swift /Users/harshrao/ClockSpace/ClockSpaceApp/Services/ScreensaverManager.swift /Users/harshrao/ClockSpace/ClockSpaceApp/Views/Add/AddScreensaverView.swift /Users/harshrao/ClockSpace/ClockSpaceApp/Views/Components/CategoryPills.swift /Users/harshrao/ClockSpace/ClockSpaceApp/Views/Components/HeroView.swift /Users/harshrao/ClockSpace/ClockSpaceApp/Views/Components/ScreensaverCard.swift /Users/harshrao/ClockSpace/ClockSpaceApp/Views/Components/SearchBarView.swift /Users/harshrao/ClockSpace/ClockSpaceApp/Views/Components/TopNavBar.swift -primary-file /Users/harshrao/ClockSpace/ClockSpaceApp/Views/Dashboard/DashboardView.swift /Users/harshrao/ClockSpace/ClockSpaceApp/Views/Dashboard/ScreensaverDetailView.swift /Users/harshrao/ClockSpace/ClockSpaceApp/Views/Settings/SettingsView.swift /Users/harshrao/ClockSpace/ClockSpaceApp/Views/Tabs/ExploreView.swift /Users/harshrao/ClockSpace/ClockSpaceApp/Views/Tabs/LibraryView.swift /Users/harshrao/ClockSpace/ClockSpaceApp/ClockSpaceApp.swift -emit-dependencies-path /Users/harshrao/Library/Developer/Xcode/DerivedData/ClockSpace-ahrupoprmngjgcguuiopwiycwfpc/Build/Intermediates.noindex/ClockSpace.build/Debug/ClockSpace.build/Objects-normal/arm64/DashboardView.d -emit-const-values-path /Users/harshrao/Library/Developer/Xcode/DerivedData/ClockSpace-ahrupoprmngjgcguuiopwiycwfpc/Build/Intermediates.noindex/ClockSpace.build/Debug/ClockSpace.build/Objects-normal/arm64/DashboardView.swiftconstvalues -emit-reference-dependencies-path /Users/harshrao/Library/Developer/Xcode/DerivedData/ClockSpace-ahrupoprmngjgcguuiopwiycwfpc/Build/Intermediates.noindex/ClockSpace.build/Debug/ClockSpace.build/Objects-normal/arm64/DashboardView.swiftdeps -serialize-diagnostics-path /Users/harshrao/Library/Developer/Xcode/DerivedData/ClockSpace-ahrupoprmngjgcguuiopwiycwfpc/Build/Intermediates.noindex/ClockSpace.build/Debug/ClockSpace.build/Objects-normal/arm64/DashboardView.dia -emit-localized-strings -emit-localized-strings-path /Users/harshrao/Library/Developer/Xcode/DerivedData/ClockSpace-ahrupoprmngjgcguuiopwiycwfpc/Build/Intermediates.noindex/ClockSpace.build/Debug/ClockSpace.build/Objects-normal/arm64 -target arm64-apple-macos26.4 -disable-cross-import-overlay-search -swift-module-cross-import AVKit /Applications/Xcode.app/Contents/Developer/Platforms/MacOSX.platform/Developer/SDKs/MacOSX.sdk/System/Library/Frameworks/AVKit.framework/Modules/AVKit.swiftcrossimport/SwiftUI.swiftoverlay -swift-module-cross-import AVKit /Applications/Xcode.app/Contents/Developer/Platforms/MacOSX.platform/Developer/SDKs/MacOSX26.4.sdk/System/Library/Frameworks/AVKit.framework/Modules/AVKit.swiftcrossimport/SwiftUI.swiftoverlay -load-resolved-plugin /Applications/Xcode.app/Contents/Developer/Platforms/MacOSX.platform/Developer/usr/lib/swift/host/plugins/libFoundationMacros.dylib\#/Applications/Xcode.app/Contents/Developer/Platforms/MacOSX.platform/Developer/usr/bin/swift-plugin-server\#FoundationMacros -load-resolved-plugin /Applications/Xcode.app/Contents/Developer/Platforms/MacOSX.platform/Developer/usr/lib/swift/host/plugins/libObservationMacros.dylib\#/Applications/Xcode.app/Contents/Developer/Platforms/MacOSX.platform/Developer/usr/bin/swift-plugin-server\#ObservationMacros -load-resolved-plugin /Applications/Xcode.app/Contents/Developer/Platforms/MacOSX.platform/Developer/usr/lib/swift/host/plugins/libPreviewsMacros.dylib\#/Applications/Xcode.app/Contents/Developer/Platforms/MacOSX.platform/Developer/usr/bin/swift-plugin-server\#PreviewsMacros -load-resolved-plugin /Applications/Xcode.app/Contents/Developer/Platforms/MacOSX.platform/Developer/usr/lib/swift/host/plugins/libSwiftMacros.dylib\#/Applications/Xcode.app/Contents/Developer/Platforms/MacOSX.platform/Developer/usr/bin/swift-plugin-server\#SwiftMacros -load-resolved-plugin /Applications/Xcode.app/Contents/Developer/Platforms/MacOSX.platform/Developer/usr/lib/swift/host/plugins/libSwiftUIMacros.dylib\#/Applications/Xcode.app/Contents/Developer/Platforms/MacOSX.platform/Developer/usr/bin/swift-plugin-server\#SwiftUIMacros -disable-implicit-swift-modules -Xcc -fno-implicit-modules -Xcc -fno-implicit-module-maps -explicit-swift-module-map-file /Users/harshrao/Library/Developer/Xcode/DerivedData/ClockSpace-ahrupoprmngjgcguuiopwiycwfpc/Build/Intermediates.noindex/ClockSpace.build/Debug/ClockSpace.build/Objects-normal/arm64/ClockSpace-dependencies-1.json -debug-module-path /Users/harshrao/Library/Developer/Xcode/DerivedData/ClockSpace-ahrupoprmngjgcguuiopwiycwfpc/Build/Intermediates.noindex/ClockSpace.build/Debug/ClockSpace.build/Objects-normal/arm64/ClockSpace.swiftmodule -Xllvm -aarch64-use-tbi -enable-objc-interop -stack-check -sdk /Applications/Xcode.app/Contents/Developer/Platforms/MacOSX.platform/Developer/SDKs/MacOSX26.4.sdk -I /Users/harshrao/Library/Developer/Xcode/DerivedData/ClockSpace-ahrupoprmngjgcguuiopwiycwfpc/Build/Products/Debug -F /Users/harshrao/Library/Developer/Xcode/DerivedData/ClockSpace-ahrupoprmngjgcguuiopwiycwfpc/Build/Products/Debug -no-color-diagnostics -Xcc -fno-color-diagnostics -enable-testing -g -debug-info-format\=dwarf -dwarf-version\=5 -module-cache-path /Users/harshrao/Library/Developer/Xcode/DerivedData/ClockSpace-ahrupoprmngjgcguuiopwiycwfpc/Build/Intermediates.noindex/SwiftExplicitPrecompiledModules -swift-version 5 -Onone -D DEBUG -serialize-debugging-options -const-gather-protocols-file /Users/harshrao/Library/Developer/Xcode/DerivedData/ClockSpace-ahrupoprmngjgcguuiopwiycwfpc/Build/Intermediates.noindex/ClockSpace.build/Debug/ClockSpace.build/Objects-normal/arm64/ClockSpace_const_extract_protocols.json -enable-upcoming-feature DisableOutwardActorInference -enable-upcoming-feature InferSendableFromCaptures -enable-upcoming-feature GlobalActorIsolatedTypesUsability -enable-upcoming-feature MemberImportVisibility -enable-upcoming-feature InferIsolatedConformances -enable-upcoming-feature NonisolatedNonsendingByDefault -enable-experimental-feature DebugDescriptionMacro -enable-bare-slash-regex -default-isolation\=MainActor -empty-abi-descriptor -validate-clang-modules-once -clang-build-session-file /Users/harshrao/Library/Developer/Xcode/DerivedData/ModuleCache.noindex/Session.modulevalidation -Xcc -working-directory -Xcc /Users/harshrao/ClockSpace -enable-anonymous-context-mangled-names -file-compilation-dir /Users/harshrao/ClockSpace -Xcc -D_LIBCPP_HARDENING_MODE\=_LIBCPP_HARDENING_MODE_DEBUG -Xcc -ivfsstatcache -Xcc /Users/harshrao/Library/Developer/Xcode/DerivedData/SDKStatCaches.noindex/macosx26.4-25E236-30f9ca8789b706f8bd3fc906a70d770f.sdkstatcache -Xcc -I/Users/harshrao/Library/Developer/Xcode/DerivedData/ClockSpace-ahrupoprmngjgcguuiopwiycwfpc/Build/Intermediates.noindex/ClockSpace.build/Debug/ClockSpace.build/swift-overrides.hmap -Xcc -iquote -Xcc /Users/harshrao/Library/Developer/Xcode/DerivedData/ClockSpace-ahrupoprmngjgcguuiopwiycwfpc/Build/Intermediates.noindex/ClockSpace.build/Debug/ClockSpace.build/ClockSpace-generated-files.hmap -Xcc -I/Users/harshrao/Library/Developer/Xcode/DerivedData/ClockSpace-ahrupoprmngjgcguuiopwiycwfpc/Build/Intermediates.noindex/ClockSpace.build/Debug/ClockSpace.build/ClockSpace-own-target-headers.hmap -Xcc -I/Users/harshrao/Library/Developer/Xcode/DerivedData/ClockSpace-ahrupoprmngjgcguuiopwiycwfpc/Build/Intermediates.noindex/ClockSpace.build/Debug/ClockSpace.build/ClockSpace-all-target-headers.hmap -Xcc -iquote -Xcc /Users/harshrao/Library/Developer/Xcode/DerivedData/ClockSpace-ahrupoprmngjgcguuiopwiycwfpc/Build/Intermediates.noindex/ClockSpace.build/Debug/ClockSpace.build/ClockSpace-project-headers.hmap -Xcc -I/Users/harshrao/Library/Developer/Xcode/DerivedData/ClockSpace-ahrupoprmngjgcguuiopwiycwfpc/Build/Products/Debug/include -Xcc -I/Users/harshrao/Library/Developer/Xcode/DerivedData/ClockSpace-ahrupoprmngjgcguuiopwiycwfpc/Build/Intermediates.noindex/ClockSpace.build/Debug/ClockSpace.build/DerivedSources-normal/arm64 -Xcc -I/Users/harshrao/Library/Developer/Xcode/DerivedData/ClockSpace-ahrupoprmngjgcguuiopwiycwfpc/Build/Intermediates.noindex/ClockSpace.build/Debug/ClockSpace.build/DerivedSources/arm64 -Xcc -I/Users/harshrao/Library/Developer/Xcode/DerivedData/ClockSpace-ahrupoprmngjgcguuiopwiycwfpc/Build/Intermediates.noindex/ClockSpace.build/Debug/ClockSpace.build/DerivedSources -Xcc -DDEBUG\=1 -no-auto-bridging-header-chaining -module-name ClockSpace -frontend-parseable-output -disable-clang-spi -clang-target arm64-apple-macos26.4 -target-sdk-version 26.4 -target-sdk-name macosx26.4 -in-process-plugin-server-path /Applications/Xcode.app/Contents/Developer/Toolchains/XcodeDefault.xctoolchain/usr/lib/swift/host/libSwiftInProcPluginServer.dylib -o /Users/harshrao/Library/Developer/Xcode/DerivedData/ClockSpace-ahrupoprmngjgcguuiopwiycwfpc/Build/Intermediates.noindex/ClockSpace.build/Debug/ClockSpace.build/Objects-normal/arm64/DashboardView.o -index-unit-output-path /ClockSpace.build/Debug/ClockSpace.build/Objects-normal/arm64/DashboardView.o -index-store-path /Users/harshrao/Library/Developer/Xcode/DerivedData/ClockSpace-ahrupoprmngjgcguuiopwiycwfpc/Index.noindex/DataStore -index-system-modules

SwiftCompile normal arm64 /Users/harshrao/ClockSpace/ClockSpaceApp/Views/Dashboard/DashboardView.swift (in target 'ClockSpace' from project 'ClockSpace')
    cd /Users/harshrao/ClockSpace
    
/Users/harshrao/ClockSpace/ClockSpaceApp/Views/Dashboard/DashboardView.swift:65:50: error: type 'CSConstants' has no member 'windowMaxWidth'
                    .frame(maxWidth: CSConstants.windowMaxWidth, maxHeight: CSConstants.windowMaxHeight)
                                     ~~~~~~~~~~~ ^~~~~~~~~~~~~~
/Users/harshrao/ClockSpace/ClockSpaceApp/Views/Dashboard/DashboardView.swift:65:89: error: type 'CSConstants' has no member 'windowMaxHeight'
                    .frame(maxWidth: CSConstants.windowMaxWidth, maxHeight: CSConstants.windowMaxHeight)
                                                                            ~~~~~~~~~~~ ^~~~~~~~~~~~~~~

SwiftCompile normal arm64 Compiling\ ScreensaverDetailView.swift /Users/harshrao/ClockSpace/ClockSpaceApp/Views/Dashboard/ScreensaverDetailView.swift (in target 'ClockSpace' from project 'ClockSpace')

SwiftCompile normal arm64 /Users/harshrao/ClockSpace/ClockSpaceApp/Views/Dashboard/ScreensaverDetailView.swift (in target 'ClockSpace' from project 'ClockSpace')
    cd /Users/harshrao/ClockSpace
    

** BUILD FAILED **


The following build commands failed:
	SwiftCompile normal arm64 Compiling\ DashboardView.swift /Users/harshrao/ClockSpace/ClockSpaceApp/Views/Dashboard/DashboardView.swift (in target 'ClockSpace' from project 'ClockSpace')
	SwiftCompile normal arm64 /Users/harshrao/ClockSpace/ClockSpaceApp/Views/Dashboard/DashboardView.swift (in target 'ClockSpace' from project 'ClockSpace')
	Building project ClockSpace with scheme ClockSpace and configuration Debug
(3 failures)
